10 DEFINT A-Z
20 'INITIALISE LES TABLEAUX
30 DATA "Quitter","Pile ou face", "Pierre-Feuilles-Ciseaux"
40 MENUMAX=2
50 FOR I = 0 TO MENUMAX:READ MENU0$(I):NEXT I
990 SCREEN 3,4,4
1000 CLS:'DEBUT MENU PRINCIPAL
1010 ATTRB 0,1:LOCATE 0,1
1020 PRINT "Tirages v0.0.0"
1030 ATTRB 0,0:LOCATE 0,2
1040 PRINT "(c)2022 David SPORN"
1050 PRINT "Free Software - GPL v3"
1060 LOCATE 0,5:PRINT "Fais ton choix :"
1070 LIN=7
1080 FOR I = 0 TO MENUMAX:LOCATE 0,LIN:PRINT I;". ";MENU0$(I):LIN=LIN+2:NEXT I
1200 LOCATE 0,20:INPUT MNSEL
1210 IF MNSEL=0 THEN END
1220 IF MNSEL > MENUMAX THEN 1000
1230 ON MNSEL GOTO 2000,3000
2000 CLS:'PILE OU FACE
2010 ATTRB 0,1:LOCATE 0,1
2020 PRINT "Pile ou Face"
2030 ATTRB 0,0:LOCATE 0,2
2040 PRINT "0 chance sur 100 d'obtenir la tranche ;"
2050 PRINT "50 chance sur 100 d'obtenir pile ;"
2060 PRINT "50 chance sur 100 d'obtenir face ;"
2070 PRINT "Fin des tirages pour revenir au menu."
2080 IF RDYCOIN <> 1 THEN 2700
2200 LOCATE 0,20:INPUT "Tirage ? (o/n)";CHOIX$:IF CHOIX$ = "n" OR CHOIX$="N" THEN 1000
2210 LOCATE 7,12:PRINT "        ":LOCATE 8,12:PRINT "        ":LOCATE 7,12:PRINT "        ":LOCATE 8,12:PRINT "        "
2220 LOCATE 8,12:ATTRB 1,1:PRINT NAMECOIN$(CHAPOCOIN(TIRGCOIN)):TIRGCOIN=TIRGCOIN+1:ATTRB 0,0
2230 ECHNG=INT((TIRGCOIN)*RND):TMP=CHAPOCOIN(TIRGCOIN-1):CHAPOCOIN(TIRGCOIN-1)=CHAPOCOIN(ECHNG):CHAPOCOIN(ECHNG)=TMP
2240 IF TIRGCOIN >= 100 THEN TIRGCOIN=0
2250 GOTO 2200
2700 locate 0,20:PRINT"Un moment...":'PREPARATION DE PILE OU FACE
2710 DIM CHAPOCOIN(99)
2720 NAMECOIN$(0)="Pile"
2730 NAMECOIN$(1)="Face"
2740 TIRGCOIN=0
2750 FOR I=0 TO 99:CHAPOCOIN(I)=I-2*INT(I/2):NEXT I
2760 FOR I=0 TO 99:ECHNG=INT((99-I)*RND):TMP=CHAPOCOIN(I):CHAPOCOIN(I)=CHAPOCOIN(ECHNG):CHAPOCOIN(ECHNG)=TMP:NEXT I
2770 RDYCOIN=1
2780 GOTO 2200
3000 CLS:'PIERRE-FEUILLE-CISEAUX
3010 ATTRB 0,1:LOCATE 0,1
3020 PRINT "Pierre-Feuille-Ciseaux"
3030 ATTRB 0,0:LOCATE 0,2
3040 PRINT "Pas encore pret !"
3040 PRINT "Fin tirages pour revenir au menu."
3200 INPUT "Tirage ? (o/n)";CHOIX$:IF CHOIX$ = "n" THEN 1000
3210 GOTO 1000:'NOT IMPLEMENTED
3220 
